just for testing... Why won't you push???
